 Document begun!!
START NAMESPACE MAPPING
PREFIX:pqr
URI:lalala
>>Begin Element: {lalala}aaa
---  2 attributes:
att [ {}att ]  = value
att2 [ {}att2 ]  = valuejhg
PCDATA:
 PCDATA:
<>PCDATA:
 >>Begin Element: {}b
---  0 attributes:
>>End Element: {}b
PCDATA:
 jhg >>End Element: {lalala}aaa
END NAMESPACE MAPPING
PREFIX:pqr
 Document finished!!
